[lds-gate-patch] import hook installed
[lds-gate-patch] LDS_CAPACITY_ELEMENTS 32768 -> 39321
# CUs=32 LDS_CAP=39321 torch=2.12.0+git6bbd260 triton=3.7.1
shipped (triton 16x16x128 w4)      M=4    339.6 us (med    469.7)    139 GB/s  maxerr 9.797e-02
splitK skinny S=2                  M=4    147.5 us (med    284.9)    321 GB/s  maxerr 8.425e-02
splitK skinny S=4                  M=4    234.2 us (med    417.8)    202 GB/s  maxerr 1.100e-01
triton 16x16x64 w1 s1              M=4    306.3 us (med    405.4)    155 GB/s  maxerr 9.797e-02
triton 16x16x64 w1 s2              M=4    296.1 us (med    373.0)    160 GB/s  maxerr 9.797e-02
triton 16x16x64 w1 s3              M=4    287.8 us (med    326.5)    164 GB/s  maxerr 9.797e-02
triton 16x16x64 w2 s1              M=4    286.6 us (med    388.0)    165 GB/s  maxerr 9.797e-02
triton 16x16x64 w2 s2              M=4    256.6 us (med    324.5)    184 GB/s  maxerr 9.797e-02
triton 16x16x64 w2 s3              M=4    266.9 us (med    316.4)    177 GB/s  maxerr 9.797e-02
triton 16x16x64 w4 s1              M=4    326.9 us (med    433.4)    145 GB/s  maxerr 9.797e-02
triton 16x16x64 w4 s2              M=4    323.5 us (med    389.4)    146 GB/s  maxerr 9.797e-02
triton 16x16x64 w4 s3              M=4    318.7 us (med    431.7)    149 GB/s  maxerr 9.797e-02
triton 16x16x64 w8 s1              M=4    701.3 us (med    900.5)     68 GB/s  maxerr 9.797e-02
triton 16x16x64 w8 s2              M=4    617.8 us (med    910.6)     77 GB/s  maxerr 9.797e-02
triton 16x16x64 w8 s3              M=4    670.6 us (med    980.6)     71 GB/s  maxerr 9.797e-02
triton 16x16x128 w1 s1             M=4    303.2 us (med    419.2)    156 GB/s  maxerr 9.797e-02
triton 16x16x128 w1 s2             M=4    268.3 us (med    344.5)    176 GB/s  maxerr 9.797e-02
triton 16x16x128 w1 s3             M=4    263.7 us (med    472.2)    180 GB/s  maxerr 9.797e-02
triton 16x16x128 w2 s1             M=4    258.1 us (med    378.9)    183 GB/s  maxerr 9.797e-02
triton 16x16x128 w2 s2             M=4    246.6 us (med    470.4)    192 GB/s  maxerr 9.797e-02
triton 16x16x128 w2 s3             M=4    268.4 us (med    424.4)    176 GB/s  maxerr 9.797e-02
triton 16x16x128 w4 s1             M=4    327.7 us (med    473.9)    144 GB/s  maxerr 9.797e-02
triton 16x16x128 w4 s2             M=4    303.6 us (med    409.9)    156 GB/s  maxerr 9.797e-02
triton 16x16x128 w4 s3             M=4    296.8 us (med    346.5)    160 GB/s  maxerr 9.797e-02
triton 16x16x128 w8 s1             M=4    440.8 us (med    542.0)    107 GB/s  maxerr 9.797e-02
triton 16x16x128 w8 s2             M=4    450.9 us (med    529.8)    105 GB/s  maxerr 9.797e-02
triton 16x16x128 w8 s3             M=4    425.5 us (med    537.3)    111 GB/s  maxerr 9.797e-02
triton 16x32x64 w1 s1              M=4    404.8 us (med    487.8)    117 GB/s  maxerr 9.797e-02
triton 16x32x64 w1 s2              M=4    343.0 us (med    475.6)    138 GB/s  maxerr 9.797e-02
triton 16x32x64 w1 s3              M=4    406.8 us (med    502.3)    116 GB/s  maxerr 9.797e-02
triton 16x32x64 w2 s1              M=4    309.5 us (med    399.1)    153 GB/s  maxerr 9.797e-02
triton 16x32x64 w2 s2              M=4    359.8 us (med    478.7)    132 GB/s  maxerr 9.797e-02
triton 16x32x64 w2 s3              M=4    295.3 us (med    374.4)    160 GB/s  maxerr 9.797e-02
triton 16x32x64 w4 s1              M=4    332.0 us (med    449.5)    143 GB/s  maxerr 9.797e-02
triton 16x32x64 w4 s2              M=4    307.0 us (med    388.7)    154 GB/s  maxerr 9.797e-02
triton 16x32x64 w4 s3              M=4    333.4 us (med    458.0)    142 GB/s  maxerr 9.797e-02
triton 16x32x64 w8 s1              M=4    440.9 us (med    545.5)    107 GB/s  maxerr 9.797e-02
triton 16x32x64 w8 s2              M=4    404.4 us (med    503.6)    117 GB/s  maxerr 9.797e-02
triton 16x32x64 w8 s3              M=4    403.6 us (med    526.7)    117 GB/s  maxerr 9.797e-02
triton 16x32x128 w1 s1             M=4    488.0 us (med    590.0)     97 GB/s  maxerr 9.797e-02
triton 16x32x128 w1 s2             M=4    385.4 us (med    483.0)    123 GB/s  maxerr 9.797e-02
triton 16x32x128 w1 s3             M=4    448.4 us (med    590.8)    106 GB/s  maxerr 9.797e-02
triton 16x32x128 w2 s1             M=4    286.6 us (med    375.0)    165 GB/s  maxerr 9.797e-02
triton 16x32x128 w2 s2             M=4    286.9 us (med    432.3)    165 GB/s  maxerr 9.797e-02
triton 16x32x128 w2 s3             M=4    305.1 us (med    516.0)    155 GB/s  maxerr 9.797e-02
triton 16x32x128 w4 s1             M=4    319.6 us (med    439.5)    148 GB/s  maxerr 9.797e-02
triton 16x32x128 w4 s2             M=4    313.5 us (med    461.4)    151 GB/s  maxerr 9.797e-02
triton 16x32x128 w4 s3             M=4    323.0 us (med    485.9)    147 GB/s  maxerr 9.797e-02
triton 16x32x128 w8 s1             M=4    425.4 us (med    576.9)    111 GB/s  maxerr 9.797e-02
triton 16x32x128 w8 s2             M=4    386.9 us (med    530.5)    122 GB/s  maxerr 9.797e-02
triton 16x32x128 w8 s3             M=4    410.8 us (med    581.4)    115 GB/s  maxerr 9.797e-02
triton 16x64x64 w1 s1              M=4    721.6 us (med    806.2)     66 GB/s  maxerr 9.797e-02
triton 16x64x64 w1 s2              M=4    775.6 us (med    939.4)     61 GB/s  maxerr 9.797e-02
triton 16x64x64 w1 s3              M=4    806.2 us (med    929.3)     59 GB/s  maxerr 9.797e-02
triton 16x64x64 w2 s1              M=4    425.2 us (med    531.7)    111 GB/s  maxerr 9.797e-02
triton 16x64x64 w2 s2              M=4    519.0 us (med    642.3)     91 GB/s  maxerr 9.797e-02
triton 16x64x64 w2 s3              M=4    531.3 us (med    612.0)     89 GB/s  maxerr 9.797e-02
triton 16x64x64 w4 s1              M=4    300.0 us (med    398.6)    158 GB/s  maxerr 9.797e-02
triton 16x64x64 w4 s2              M=4    341.4 us (med    466.4)    139 GB/s  maxerr 9.797e-02
triton 16x64x64 w4 s3              M=4    280.3 us (med    405.6)    169 GB/s  maxerr 9.797e-02
triton 16x64x64 w8 s1              M=4    553.1 us (med    641.4)     86 GB/s  maxerr 9.797e-02
triton 16x64x64 w8 s2              M=4    494.3 us (med    598.2)     96 GB/s  maxerr 9.797e-02
triton 16x64x64 w8 s3              M=4    472.9 us (med    543.8)    100 GB/s  maxerr 9.797e-02
triton 16x64x128 w1 s1             M=4   1734.2 us (med   2864.9)     27 GB/s  maxerr 9.797e-02
triton 16x64x128 w1 s2             M=4   1758.5 us (med   2889.8)     27 GB/s  maxerr 9.797e-02
triton 16x64x128 w1 s3             M=4   1439.0 us (med   1855.7)     33 GB/s  maxerr 9.797e-02
triton 16x64x128 w2 s1             M=4    527.8 us (med    685.0)     90 GB/s  maxerr 9.797e-02
triton 16x64x128 w2 s2             M=4    521.9 us (med    628.7)     91 GB/s  maxerr 9.797e-02
triton 16x64x128 w2 s3             M=4    561.9 us (med   1206.5)     84 GB/s  maxerr 9.797e-02
triton 16x64x128 w4 s1             M=4    335.6 us (med    573.4)    141 GB/s  maxerr 9.797e-02
triton 16x64x128 w4 s2             M=4    475.2 us (med    768.2)    100 GB/s  maxerr 9.797e-02
triton 16x64x128 w4 s3             M=4    446.6 us (med    898.4)    106 GB/s  maxerr 9.797e-02
triton 16x64x128 w8 s1             M=4    735.1 us (med   1086.5)     64 GB/s  maxerr 9.797e-02
triton 16x64x128 w8 s2             M=4    610.5 us (med    936.5)     78 GB/s  maxerr 9.797e-02
triton 16x64x128 w8 s3             M=4    545.9 us (med    925.9)     87 GB/s  maxerr 9.797e-02
triton 16x128x64 w1 s1             M=4   4568.1 us (med   6632.7)     10 GB/s  maxerr 9.797e-02
triton 16x128x64 w1 s2             M=4   4759.7 us (med   6529.0)     10 GB/s  maxerr 9.797e-02
triton 16x128x64 w1 s3             M=4   4156.5 us (med   4764.2)     11 GB/s  maxerr 9.797e-02
triton 16x128x64 w2 s1             M=4    856.9 us (med    996.1)     55 GB/s  maxerr 9.797e-02
triton 16x128x64 w2 s2             M=4    907.2 us (med   1113.9)     52 GB/s  maxerr 9.797e-02
triton 16x128x64 w2 s3             M=4    678.0 us (med   1084.8)     70 GB/s  maxerr 9.797e-02
triton 16x128x64 w4 s1             M=4    341.3 us (med    426.6)    139 GB/s  maxerr 9.797e-02
triton 16x128x64 w4 s2             M=4    432.1 us (med    814.2)    110 GB/s  maxerr 9.797e-02
triton 16x128x64 w4 s3             M=4    550.4 us (med   1188.0)     86 GB/s  maxerr 9.797e-02
triton 16x128x64 w8 s1             M=4    368.0 us (med    695.0)    129 GB/s  maxerr 9.797e-02
triton 16x128x64 w8 s2             M=4    495.6 us (med   1015.5)     96 GB/s  maxerr 9.797e-02
triton 16x128x64 w8 s3             M=4    380.1 us (med    627.0)    125 GB/s  maxerr 9.797e-02
triton 16x128x128 w1 s1            M=4   3250.8 us (med   4225.5)     15 GB/s  maxerr 9.797e-02
triton 16x128x128 w1 s2            M=4   3421.9 us (med   4422.4)     14 GB/s  maxerr 9.797e-02
triton 16x128x128 w1 s3            M=4   5364.8 us (med   8694.0)      9 GB/s  maxerr 9.797e-02
triton 16x128x128 w2 s1            M=4   1680.5 us (med   2514.0)     28 GB/s  maxerr 9.797e-02
triton 16x128x128 w2 s2            M=4   1084.8 us (med   2305.3)     44 GB/s  maxerr 9.797e-02
triton 16x128x128 w2 s3            M=4   1775.3 us (med   2321.5)     27 GB/s  maxerr 9.797e-02
triton 16x128x128 w4 s1            M=4    474.6 us (med    661.6)    100 GB/s  maxerr 9.797e-02
triton 16x128x128 w4 s2            M=4    464.6 us (med    636.5)    102 GB/s  maxerr 9.797e-02
triton 16x128x128 w4 s3            M=4    537.9 us (med    671.6)     88 GB/s  maxerr 9.797e-02
triton 16x128x128 w8 s1            M=4    416.4 us (med    471.1)    114 GB/s  maxerr 9.797e-02
triton 16x128x128 w8 s2            M=4    409.6 us (med    491.4)    116 GB/s  maxerr 9.797e-02
triton 16x128x128 w8 s3            M=4    407.7 us (med    516.8)    116 GB/s  maxerr 9.797e-02
# best triton at M=4: [(246.60199880599976, (16, 16, 128, 2, 2)), (256.64201378822327, (16, 16, 64, 2, 2)), (258.08200240135193, (16, 16, 128, 2, 1)), (263.6829912662506, (16, 16, 128, 1, 3)), (266.8820023536682, (16, 16, 64, 2, 3))]
