[lds-gate-patch] import hook installed
[lds-gate-patch] LDS_CAPACITY_ELEMENTS 32768 -> 39321
shape     M | 16x128w4sNone | 16x128w2s2 | 16x64w2s2 | 16x128w2s1 | 16x128w1s3 | 16x64w2s3 | 16x128w1s2 | 32x128w2s2 | 32x64w4s2
down       3 |   276.8 1.00x |   221.9 1.25x |   261.2 1.06x |   233.7 1.18x |   240.2 1.15x |   242.8 1.14x |   268.5 1.03x |   280.7 0.99x |   282.7 0.98x  [171 GB/s shipped]
down       4 |   248.4 1.00x |   206.4 1.20x |   219.6 1.13x |   206.3 1.20x |   216.5 1.15x |   198.2 1.25x |   222.3 1.12x |   224.4 1.11x |   262.6 0.95x  [191 GB/s shipped]
down       5 |   269.3 1.00x |   227.8 1.18x |   243.7 1.11x |   231.7 1.16x |   266.3 1.01x |   246.0 1.09x |   256.7 1.05x |   235.9 1.14x |   280.6 0.96x  [176 GB/s shipped]
down       8 |   250.0 1.00x |   218.0 1.15x |   228.0 1.10x |   207.6 1.20x |   239.6 1.04x |   219.8 1.14x |   242.6 1.03x |   234.0 1.07x |   265.2 0.94x  [189 GB/s shipped]
down      16 |   261.4 1.00x |   214.7 1.22x |   236.2 1.11x |   217.0 1.20x |   218.7 1.20x |   233.5 1.12x |   233.5 1.12x |   236.8 1.10x |   266.0 0.98x  [181 GB/s shipped]
down      32 |   480.4 1.00x |   430.3 1.12x |   374.5 1.28x |   368.0 1.31x |   408.9 1.18x |   383.6 1.25x |   398.9 1.20x |   320.1 1.50x |   474.0 1.01x  [99 GB/s shipped]
gate_up    3 |   446.0 1.00x |   387.6 1.15x |   359.8 1.24x |   347.7 1.28x |   392.3 1.14x |   396.8 1.12x |   349.9 1.27x |   365.5 1.22x |   423.8 1.05x  [212 GB/s shipped]
gate_up    4 |   435.5 1.00x |   381.3 1.14x |   357.4 1.22x |   344.8 1.26x |   382.8 1.14x |   393.7 1.11x |   361.8 1.20x |   361.1 1.21x |   440.5 0.99x  [217 GB/s shipped]
gate_up    5 |   451.1 1.00x |   396.6 1.14x |   362.3 1.24x |   347.8 1.30x |   381.9 1.18x |   413.6 1.09x |   369.9 1.22x |   358.8 1.26x |   427.4 1.06x  [210 GB/s shipped]
gate_up    8 |   450.5 1.00x |   393.4 1.15x |   367.4 1.23x |   359.4 1.25x |   393.1 1.15x |   411.2 1.10x |   356.0 1.27x |   366.8 1.23x |   435.0 1.04x  [210 GB/s shipped]
gate_up   16 |   457.6 1.00x |   405.8 1.13x |   370.7 1.23x |   361.5 1.27x |   393.6 1.16x |   422.8 1.08x |   372.5 1.23x |   376.6 1.22x |   457.1 1.00x  [207 GB/s shipped]
gate_up   32 |   877.3 1.00x |   736.9 1.19x |   712.4 1.23x |   692.0 1.27x |   685.8 1.28x |   755.6 1.16x |   657.1 1.34x |   654.4 1.34x |   869.2 1.01x  [108 GB/s shipped]
in_proj    3 |   213.9 1.00x |   202.2 1.06x |   172.2 1.24x |   176.0 1.22x |   193.3 1.11x |   199.4 1.07x |   178.9 1.20x |   188.0 1.14x |   213.0 1.00x  [208 GB/s shipped]
in_proj    4 |   216.1 1.00x |   198.6 1.09x |   178.2 1.21x |   178.2 1.21x |   205.3 1.05x |   209.4 1.03x |   181.9 1.19x |   180.2 1.20x |   210.7 1.03x  [206 GB/s shipped]
in_proj    5 |   216.9 1.00x |   200.5 1.08x |   179.0 1.21x |   177.0 1.23x |   193.3 1.12x |   199.8 1.09x |   183.6 1.18x |   180.7 1.20x |   214.1 1.01x  [205 GB/s shipped]
in_proj    8 |   220.4 1.00x |   206.2 1.07x |   179.1 1.23x |   177.0 1.25x |   211.6 1.04x |   212.4 1.04x |   183.5 1.20x |   182.7 1.21x |   211.9 1.04x  [202 GB/s shipped]
in_proj   16 |   226.3 1.00x |   202.2 1.12x |   184.2 1.23x |   180.4 1.25x |   192.0 1.18x |   212.2 1.07x |   181.4 1.25x |   191.7 1.18x |   215.9 1.05x  [197 GB/s shipped]
in_proj   32 |   418.4 1.00x |   373.5 1.12x |   331.1 1.26x |   334.6 1.25x |   358.2 1.17x |   382.3 1.09x |   341.5 1.23x |   343.7 1.22x |   406.1 1.03x  [107 GB/s shipped]
qkv        3 |   192.0 1.00x |   173.3 1.11x |   159.2 1.21x |   150.2 1.28x |   177.4 1.08x |   180.1 1.07x |   166.6 1.15x |   168.2 1.14x |   189.0 1.02x  [203 GB/s shipped]
qkv        4 |   184.7 1.00x |   171.4 1.08x |   157.4 1.17x |   156.9 1.18x |   179.8 1.03x |   184.1 1.00x |   163.1 1.13x |   163.4 1.13x |   182.0 1.01x  [211 GB/s shipped]
qkv        5 |   186.8 1.00x |   177.1 1.05x |   158.6 1.18x |   157.7 1.18x |   172.2 1.09x |   183.9 1.02x |   162.5 1.15x |   163.0 1.15x |   188.1 0.99x  [209 GB/s shipped]
qkv        8 |   193.5 1.00x |   175.4 1.10x |   157.4 1.23x |   151.9 1.27x |   181.2 1.07x |   170.8 1.13x |   167.2 1.16x |   166.8 1.16x |   187.1 1.03x  [201 GB/s shipped]
qkv       16 |   195.3 1.00x |   178.0 1.10x |   158.6 1.23x |   155.7 1.25x |   172.4 1.13x |   172.6 1.13x |   165.0 1.18x |   174.0 1.12x |   200.2 0.98x  [200 GB/s shipped]
qkv       32 |   372.5 1.00x |   340.2 1.10x |   285.1 1.31x |   288.2 1.29x |   315.0 1.18x |   341.1 1.09x |   296.5 1.26x |   317.3 1.17x |   370.4 1.01x  [105 GB/s shipped]
out_proj   3 |    96.5 1.00x |    83.0 1.16x |    91.1 1.06x |    92.7 1.04x |    91.4 1.06x |    89.2 1.08x |   101.2 0.95x |   101.5 0.95x |   101.2 0.95x  [173 GB/s shipped]
out_proj   4 |    97.7 1.00x |    83.6 1.17x |    96.3 1.01x |    85.6 1.14x |    90.1 1.08x |    94.8 1.03x |    90.7 1.08x |   103.6 0.94x |   102.4 0.95x  [171 GB/s shipped]
out_proj   5 |    95.1 1.00x |    86.2 1.10x |    95.4 1.00x |    86.2 1.10x |    90.2 1.05x |    97.8 0.97x |   100.2 0.95x |    89.2 1.07x |   100.1 0.95x  [176 GB/s shipped]
out_proj   8 |    97.0 1.00x |    86.3 1.12x |    93.4 1.04x |    92.0 1.05x |    92.0 1.05x |    89.2 1.09x |    91.6 1.06x |    96.0 1.01x |   110.6 0.88x  [172 GB/s shipped]
out_proj  16 |    99.6 1.00x |    83.8 1.19x |    87.6 1.14x |    87.1 1.14x |    88.3 1.13x |    95.6 1.04x |    96.1 1.04x |    91.4 1.09x |   106.2 0.94x  [168 GB/s shipped]
out_proj  32 |   177.5 1.00x |   156.0 1.14x |   148.0 1.20x |   140.0 1.27x |   166.6 1.07x |   145.4 1.22x |   153.6 1.16x |   128.8 1.38x |   174.7 1.02x  [94 GB/s shipped]
# wins: {'16x128w2s2': 8, '16x64w2s2': 3, '16x128w2s1': 14, '16x64w2s3': 1, '16x128w1s2': 1, '32x128w2s2': 3}
