[lds-gate-patch] import hook installed
[lds-gate-patch] LDS_CAPACITY_ELEMENTS 32768 -> 39321
shape     M | 16x128w4sNone | 16x128w2s2 | 16x64w2s2 | 16x128w2s1 | 16x128w1s3 | 16x64w2s3 | 16x128w1s2 | 32x128w2s2 | 32x64w4s2
down       3 |   216.6 1.00x |   190.2 1.14x |   197.6 1.10x |   189.8 1.14x |   205.9 1.05x |   199.4 1.09x |   206.1 1.05x |   209.8 1.03x |   237.5 0.91x  [219 GB/s shipped]
down       4 |   219.7 1.00x |   189.8 1.16x |   196.9 1.12x |   187.4 1.17x |   208.2 1.06x |   199.2 1.10x |   207.2 1.06x |   213.4 1.03x |   246.0 0.89x  [215 GB/s shipped]
down       5 |   219.6 1.00x |   187.6 1.17x |   197.2 1.11x |   189.2 1.16x |   207.1 1.06x |   199.7 1.10x |   208.0 1.06x |   211.6 1.04x |   235.1 0.93x  [216 GB/s shipped]
down       8 |   224.0 1.00x |   191.3 1.17x |   199.0 1.13x |   189.5 1.18x |   206.8 1.08x |   200.7 1.12x |   208.6 1.07x |   210.0 1.07x |   238.0 0.94x  [211 GB/s shipped]
down      16 |   233.2 1.00x |   196.0 1.19x |   207.9 1.12x |   197.0 1.18x |   208.2 1.12x |   211.4 1.10x |   208.6 1.12x |   212.2 1.10x |   245.9 0.95x  [203 GB/s shipped]
down      32 |   509.4 1.00x |   426.4 1.19x |   394.9 1.29x |   393.9 1.29x |   423.4 1.20x |   407.2 1.25x |   413.4 1.23x |   347.8 1.46x |   495.5 1.03x  [93 GB/s shipped]
gate_up    3 |   469.4 1.00x |   405.1 1.16x |   380.8 1.23x |   368.6 1.27x |   409.1 1.15x |   428.9 1.09x |   377.7 1.24x |   383.3 1.22x |   450.4 1.04x  [202 GB/s shipped]
gate_up    4 |   472.8 1.00x |   402.0 1.18x |   371.5 1.27x |   378.4 1.25x |   417.2 1.13x |   423.9 1.12x |   372.4 1.27x |   408.3 1.16x |   455.4 1.04x  [200 GB/s shipped]
gate_up    5 |   468.2 1.00x |   410.0 1.14x |   371.2 1.26x |   381.4 1.23x |   404.9 1.16x |   412.4 1.14x |   381.4 1.23x |   402.4 1.16x |   468.5 1.00x  [202 GB/s shipped]
gate_up    8 |   472.7 1.00x |   415.6 1.14x |   383.2 1.23x |   372.6 1.27x |   405.5 1.17x |   425.6 1.11x |   395.2 1.20x |   406.0 1.16x |   461.8 1.02x  [200 GB/s shipped]
gate_up   16 |   477.1 1.00x |   422.7 1.13x |   396.0 1.20x |   384.0 1.24x |   412.5 1.16x |   427.7 1.12x |   392.4 1.22x |   405.9 1.18x |   479.1 1.00x  [198 GB/s shipped]
gate_up   32 |   914.6 1.00x |   775.1 1.18x |   738.4 1.24x |   737.3 1.24x |   734.8 1.24x |   793.8 1.15x |   693.9 1.32x |   693.5 1.32x |   892.6 1.02x  [104 GB/s shipped]
in_proj    3 |   234.3 1.00x |   222.8 1.05x |   207.9 1.13x |   197.9 1.18x |   218.1 1.07x |   222.6 1.05x |   193.6 1.21x |   223.2 1.05x |   236.3 0.99x  [190 GB/s shipped]
in_proj    4 |   220.9 1.00x |   217.0 1.02x |   192.1 1.15x |   198.2 1.11x |   217.4 1.02x |   221.0 1.00x |   194.1 1.14x |   220.3 1.00x |   237.6 0.93x  [202 GB/s shipped]
in_proj    5 |   238.9 1.00x |   219.0 1.09x |   190.5 1.25x |   200.0 1.19x |   223.8 1.07x |   224.2 1.07x |   193.1 1.24x |   220.3 1.08x |   235.7 1.01x  [187 GB/s shipped]
in_proj    8 |   236.2 1.00x |   222.2 1.06x |   191.4 1.23x |   200.9 1.18x |   236.9 1.00x |   224.8 1.05x |   208.8 1.13x |   214.0 1.10x |   230.9 1.02x  [189 GB/s shipped]
in_proj   16 |   262.9 1.00x |   232.8 1.13x |   201.8 1.30x |   211.4 1.24x |   212.7 1.24x |   229.7 1.14x |   206.6 1.27x |   216.4 1.21x |   243.9 1.08x  [169 GB/s shipped]
in_proj   32 |   452.5 1.00x |   389.0 1.16x |   365.8 1.24x |   349.1 1.30x |   372.6 1.21x |   399.3 1.13x |   346.8 1.30x |   371.2 1.22x |   429.0 1.05x  [98 GB/s shipped]
qkv        3 |   216.8 1.00x |   193.0 1.12x |   186.4 1.16x |   178.8 1.21x |   192.7 1.12x |   201.1 1.08x |   172.7 1.26x |   204.6 1.06x |   223.0 0.97x  [180 GB/s shipped]
qkv        4 |   209.7 1.00x |   196.8 1.07x |   189.3 1.11x |   180.0 1.16x |   182.2 1.15x |   203.1 1.03x |   173.7 1.21x |   174.9 1.20x |   207.3 1.01x  [186 GB/s shipped]
qkv        5 |   215.5 1.00x |   200.9 1.07x |   187.7 1.15x |   185.7 1.16x |   221.0 0.98x |   202.0 1.07x |   178.2 1.21x |   193.0 1.12x |   220.9 0.98x  [181 GB/s shipped]
qkv        8 |   225.8 1.00x |   188.9 1.20x |   189.4 1.19x |   179.7 1.26x |   220.4 1.02x |   204.2 1.11x |   178.9 1.26x |   198.1 1.14x |   211.1 1.07x  [173 GB/s shipped]
qkv       16 |   226.3 1.00x |   198.2 1.14x |   178.0 1.27x |   185.9 1.22x |   196.7 1.15x |   197.9 1.14x |   195.2 1.16x |   200.7 1.13x |   224.9 1.01x  [172 GB/s shipped]
qkv       32 |   394.8 1.00x |   358.2 1.10x |   328.4 1.20x |   314.4 1.26x |   340.4 1.16x |   359.7 1.10x |   312.8 1.26x |   344.4 1.15x |   376.2 1.05x  [99 GB/s shipped]
out_proj   3 |   115.0 1.00x |    98.1 1.17x |   111.6 1.03x |   108.8 1.06x |   102.8 1.12x |    97.6 1.18x |   109.5 1.05x |   105.8 1.09x |   130.9 0.88x  [145 GB/s shipped]
out_proj   4 |   120.8 1.00x |   101.5 1.19x |    99.1 1.22x |   112.9 1.07x |   113.0 1.07x |   116.4 1.04x |   115.4 1.05x |   110.8 1.09x |   135.3 0.89x  [138 GB/s shipped]
out_proj   5 |   126.2 1.00x |   116.9 1.08x |    98.6 1.28x |    98.5 1.28x |   109.5 1.15x |   114.5 1.10x |   118.0 1.07x |   107.3 1.18x |   126.2 1.00x  [132 GB/s shipped]
out_proj   8 |   119.2 1.00x |    99.4 1.20x |   113.3 1.05x |   106.0 1.12x |   110.7 1.08x |   115.8 1.03x |   118.0 1.01x |   110.6 1.08x |   116.6 1.02x  [140 GB/s shipped]
out_proj  16 |   102.0 1.00x |   103.5 0.99x |   111.2 0.92x |   113.4 0.90x |   114.9 0.89x |   116.0 0.88x |   108.0 0.94x |   109.6 0.93x |   135.7 0.75x  [164 GB/s shipped]
out_proj  32 |   200.8 1.00x |   167.2 1.20x |   169.1 1.19x |   170.7 1.18x |   179.1 1.12x |   177.5 1.13x |   169.1 1.19x |   165.8 1.21x |   207.5 0.97x  [83 GB/s shipped]
# wins: {'16x128w4sNone': 1, '16x128w2s2': 3, '16x64w2s2': 8, '16x128w2s1': 7, '16x64w2s3': 1, '16x128w1s2': 7, '32x128w2s2': 3}
